// Jest Snapshot v1, https://goo.gl/fbAQLP

exports[`NgFeatures page tests title section snapshot structure 1`] = `
Array [
  <div
    className="col-sm-1"
  >
    <button
      className="btn-sm me-2 mb-2 buttons-height btn btn-outline-primary"
      disabled={false}
      onClick={[Function]}
      style={
        Object {
          "minWidth": "80px",
        }
      }
      type="button"
    >
      <svg
        className="bi bi-arrow-return-left"
        fill="currentColor"
        height="16"
        viewBox="0 0 16 16"
        width="16"
        xmlns="http://www.w3.org/2000/svg"
      >
        <path
          d="M14.5 1.5a.5.5 0 0 1 .5.5v4.8a2.5 2.5 0 0 1-2.5 2.5H2.707l3.347 3.346a.5.5 0 0 1-.708.708l-4.2-4.2a.5.5 0 0 1 0-.708l4-4a.5.5 0 1 1 .708.708L2.707 8.3H12.5A1.5 1.5 0 0 0 14 6.8V2a.5.5 0 0 1 .5-.5z"
          fillRule="evenodd"
        />
      </svg>
       
        
      Back
    </button>
  </div>,
  <div
    className="col-sm-10"
  >
    <h2
      className="text-center"
    >
      Medical Plan
    </h2>
  </div>,
  <div
    className="col-sm-1"
  />,
]
`;
